[
    {
        "expected": "SELECT u.id, u.name FROM users u"
    },
    {
        "normalizer_config": {
            "keep_sql_alias": true
        },
        "expected": "SELECT u.id AS user_id, u.name AS username FROM users u"
    },
    {
        "normalizer_config": {
            "keep_trailing_semicolon": true
        },
        "expected": "SELECT u.id, u.name FROM users u;"
    }
]