[
    {
        "expected": "SELECT jsonb_set ( data, ?, ? ) FROM user_profiles",
        "statement_metadata": {
            "size": 19,
            "tables": [
                "user_profiles"
            ],
            "commands": [
                "SELECT"
            ],
            "comments": [],
            "procedures": []
        }
    },
    {
        "expected": "SELECT jsonb_set(data, ?, ?) FROM user_profiles",
        "normalizer_config": {
            "remove_space_between_parentheses": true
        }
    }
]