[
    {
        "expected": "SELECT data #- ? FROM products",
        "statement_metadata": {
            "size": 14,
            "tables": [
                "products"
            ],
            "commands": [
                "SELECT"
            ],
            "comments": [],
            "procedures": []
        }
    }
]