[
    {
        "expected": "SELECT jsonb_array_length ( data -> ? ) FROM products",
        "statement_metadata": {
            "size": 14,
            "tables": [
                "products"
            ],
            "commands": [
                "SELECT"
            ],
            "comments": [],
            "procedures": []
        }
    },
    {
        "expected": "SELECT jsonb_array_length(data -> ?) FROM products",
        "normalizer_config": {
            "remove_space_between_parentheses": true
        }
    }
]