[
    {
        "expected": "SELECT * FROM users ORDER BY created_at DESC LIMIT ? OFFSET ?",
        "statement_metadata": {
            "size": 11,
            "tables": [
                "users"
            ],
            "commands": [
                "SELECT"
            ],
            "comments": [],
            "procedures": []
        }
    }
]