[
    {
        "expected": "DELETE FROM users WHERE id = ?",
        "statement_metadata": {
            "size": 11,
            "tables": [
                "users"
            ],
            "commands": [
                "DELETE"
            ],
            "comments": [],
            "procedures": []
        }
    }
]