[
    {
        "expected": "DELETE FROM orders WHERE id = ? RETURNING *",
        "statement_metadata": {
            "size": 12,
            "tables": [
                "orders"
            ],
            "commands": [
                "DELETE"
            ],
            "comments": [],
            "procedures": []
        }
    }
]