[
    {
      "expected": "SELECT get_user_email ( ? )"
    }
  ]
  