[
    {
      "expected": "SELECT get_user_count ( )"
    }
  ]
  