[
    {
      "expected": "SELECT * FROM get_users ( )"
    }
  ]
  