[
    {
      "expected": "SELECT log_activity ( ? )"
    }
  ]
  