[
    {
        "expected": "INSERT INTO user_profiles ( profile ) VALUES ( ? )",
        "statement_metadata": {
            "size": 19,
            "tables": [
                "user_profiles"
            ],
            "commands": [
                "INSERT"
            ],
            "comments": [],
            "procedures": []
        }
    }
]