[
    {
        "expected": "INSERT INTO users ( name, email ) VALUES ( ? )",
        "statement_metadata": {
            "size": 11,
            "tables": [
                "users"
            ],
            "commands": [
                "INSERT"
            ],
            "comments": [],
            "procedures": []
        }
    }
]