[
    {
        "expected": "INSERT INTO places ( name, location ) VALUES ( ?, point ? )",
        "statement_metadata": {
            "size": 12,
            "tables": [
                "places"
            ],
            "commands": [
                "INSERT"
            ],
            "comments": [],
            "procedures": []
        }
    }
]