[
    {
        "expected": "INSERT INTO users ( id, name, email ) VALUES ( ? ) ON CONFLICT ( id ) DO NOTHING",
        "statement_metadata": {
            "size": 11,
            "tables": [
                "users"
            ],
            "commands": [
                "INSERT"
            ],
            "comments": [],
            "procedures": []
        }
    }
]