[
    {
        "expected": "INSERT INTO products ( name, price, description ) VALUES ( ?, DEFAULT )",
        "statement_metadata": {
            "size": 14,
            "tables": [
                "products"
            ],
            "commands": [
                "INSERT"
            ],
            "comments": [],
            "procedures": []
        }
    }
]