[
    {
        "expected": "UPDATE accounts SET balance = balance + ? WHERE user_id = ?",
        "statement_metadata": {
            "size": 14,
            "tables": [
                "accounts"
            ],
            "commands": [
                "UPDATE"
            ],
            "comments": [],
            "procedures": []
        }
    }
]