[
    {
        "expected": "UPDATE events SET data = jsonb_set ( data, ?, ? ) WHERE data ->> ? = ?",
        "statement_metadata": {
            "size": 12,
            "tables": [
                "events"
            ],
            "commands": [
                "UPDATE"
            ],
            "comments": [],
            "procedures": []
        }
    },
    {
        "expected": "UPDATE events SET data = jsonb_set(data, ?, ?) WHERE data ->> ? = ?",
        "normalizer_config": {
            "remove_space_between_parentheses": true
        }
    }
]