[
    {
        "expected": "SELECT u.id, u.name, ( SELECT COUNT ( * ) FROM orders o WHERE o.user_id = u.id ), ( SELECT SUM ( amount ) FROM payments p WHERE p.user_id = u.id ), ( SELECT AVG ( rating ) FROM reviews r WHERE r.user_id = u.id ) FROM users u WHERE EXISTS ( SELECT ? FROM logins l WHERE l.user_id = u.id AND l.time > NOW ( ) - INTERVAL ? ) AND u.status = ? ORDER BY total_payments DESC, average_rating DESC, order_count DESC LIMIT ?",
        "statement_metadata": {
            "size": 38,
            "tables": [
                "orders",
                "payments",
                "reviews",
                "users",
                "logins"
            ],
            "commands": [
                "SELECT"
            ],
            "comments": [],
            "procedures": []
        }
    }
]