[
    {
        "expected": "SELECT e?.name, e?.salary, e?.name, AVG ( e?.salary ) OVER ( PARTITION BY e?.manager_id ), RANK ( ) OVER ( ORDER BY e?.salary DESC ) FROM employees e? LEFT JOIN employees e? ON e?.manager_id = e?.id WHERE e?.department_id IN ( SELECT id FROM departments WHERE name LIKE ? ) AND e?.hire_date > ? ORDER BY salary_rank, avg_manager_salary DESC",
        "statement_metadata": {
            "size": 30,
            "tables": [
                "employees",
                "departments"
            ],
            "commands": [
                "SELECT",
                "JOIN"
            ],
            "comments": [],
            "procedures": []
        }
    }
]